<repo>/modal/needle_modal.py:116: DeprecationError: 2025-12-16: The `max_inputs` parameter is deprecated. Please set `single_use_containers=True` instead.
  @app.function(cpu=1.0, memory=1024, timeout=3600, max_inputs=1)
<repo>/modal/needle_modal.py:161: DeprecationError: 2025-12-16: The `max_inputs` parameter is deprecated. Please set `single_use_containers=True` instead.
  @app.function(cpu=1.0, memory=1024, timeout=1800, max_inputs=1)
✓ Initialized. View run at 
https://modal.com/apps/<workspace>/main/<app-run>
✓ Created objects.
├── 🔨 Created mount 
│   <repo>/modal/needle_modal.py
├── 🔨 Created function _download_pinned.
├── 🔨 Created function snapshot.
├── 🔨 Created function run_native.
└── 🔨 Created function vendor_harness.
/root/needle_modal.py:116: DeprecationError: 2025-12-16: The `max_inputs` parameter is deprecated. Please set `single_use_containers=True` instead.
  @app.function(cpu=1.0, memory=1024, timeout=3600, max_inputs=1)
/root/needle_modal.py:161: DeprecationError: 2025-12-16: The `max_inputs` parameter is deprecated. Please set `single_use_containers=True` instead.
  @app.function(cpu=1.0, memory=1024, timeout=1800, max_inputs=1)
/root/needle_modal.py:116: DeprecationError: 2025-12-16: The `max_inputs` parameter is deprecated. Please set `single_use_containers=True` instead.
  @app.function(cpu=1.0, memory=1024, timeout=3600, max_inputs=1)
/root/needle_modal.py:161: DeprecationError: 2025-12-16: The `max_inputs` parameter is deprecated. Please set `single_use_containers=True` instead.
  @app.function(cpu=1.0, memory=1024, timeout=1800, max_inputs=1)
/root/needle_modal.py:116: DeprecationError: 2025-12-16: The `max_inputs` parameter is deprecated. Please set `single_use_containers=True` instead.
  @app.function(cpu=1.0, memory=1024, timeout=3600, max_inputs=1)
/root/needle_modal.py:161: DeprecationError: 2025-12-16: The `max_inputs` parameter is deprecated. Please set `single_use_containers=True` instead.
  @app.function(cpu=1.0, memory=1024, timeout=1800, max_inputs=1)
try 1: 2 chunk(s) landed elsewhere: ['unknown | AuthenticAMD fam 175 model 1 step unkn', 'unknown | AuthenticAMD fam 175 model 1 step unkn']
/root/needle_modal.py:116: DeprecationError: 2025-12-16: The `max_inputs` parameter is deprecated. Please set `single_use_containers=True` instead.
  @app.function(cpu=1.0, memory=1024, timeout=3600, max_inputs=1)
/root/needle_modal.py:161: DeprecationError: 2025-12-16: The `max_inputs` parameter is deprecated. Please set `single_use_containers=True` instead.
  @app.function(cpu=1.0, memory=1024, timeout=1800, max_inputs=1)
/root/needle_modal.py:116: DeprecationError: 2025-12-16: The `max_inputs` parameter is deprecated. Please set `single_use_containers=True` instead.
  @app.function(cpu=1.0, memory=1024, timeout=3600, max_inputs=1)
/root/needle_modal.py:161: DeprecationError: 2025-12-16: The `max_inputs` parameter is deprecated. Please set `single_use_containers=True` instead.
  @app.function(cpu=1.0, memory=1024, timeout=1800, max_inputs=1)
try 2: 1 chunk(s) landed elsewhere: ['unknown | AuthenticAMD fam 175 model 1 step unkn']
/root/needle_modal.py:116: DeprecationError: 2025-12-16: The `max_inputs` parameter is deprecated. Please set `single_use_containers=True` instead.
  @app.function(cpu=1.0, memory=1024, timeout=3600, max_inputs=1)
/root/needle_modal.py:161: DeprecationError: 2025-12-16: The `max_inputs` parameter is deprecated. Please set `single_use_containers=True` instead.
  @app.function(cpu=1.0, memory=1024, timeout=1800, max_inputs=1)
wrote ../runs/sealed/out/needle/needle_S1_desk_repeat_r2.json
Stopping app - uncaught exception raised locally: SystemExit(0).
